<html>
<body>
<pre>
<h1>µVision Build Log</h1>
<h2>Tool Versions:</h2>
IDE-Version: ¦ÌVision V5.15
Copyright (C) 2015 ARM Ltd and ARM Germany GmbH. All rights reserved.
License Information: Pan peter, njust-pan, LIC=IC912-9ZPNS-TK5B9-4SY29-ADNAA-T5KDF
 
Tool Versions:
Toolchain:       MDK-ARM Professional  Version: 5.15.0
Toolchain Path:  E:\MDK\ARM\ARMCC\Bin
C Compiler:      Armcc.exe V5.05 update 2 (build 169)
Assembler:       Armasm.exe V5.05 update 2 (build 169)
Linker/Locator:  ArmLink.exe V5.05 update 2 (build 169)
Library Manager: ArmAr.exe V5.05 update 2 (build 169)
Hex Converter:   FromElf.exe V5.05 update 2 (build 169)
CPU DLL:         SARMCM3.DLL V5.15.0
Dialog DLL:      DCM.DLL V1.13.2.0
Target DLL:      UL2CM3.DLL V1.155.8.0
Dialog DLL:      TCM.DLL V1.14.5.0
 
<h2>Project:</h2>
F:\STM32F4 Template - EMMC\USER\Template.uvprojx
Project File Date:  04/06/2017

<h2>Output:</h2>
*** Using Compiler 'V5.05 update 2 (build 169)', folder: 'E:\MDK\ARM\ARMCC\Bin'
Rebuild target 'Temlpate'
compiling main.c...
compiling stm32f4xx_it.c...
compiling system_stm32f4xx.c...
assembling startup_stm32f40_41xxx.s...
compiling misc.c...
compiling stm32f4xx_dma.c...
compiling stm32f4xx_dma2d.c...
compiling stm32f4xx_exti.c...
compiling stm32f4xx_fsmc.c...
compiling stm32f4xx_gpio.c...
compiling stm32f4xx_i2c.c...
compiling stm32f4xx_rcc.c...
compiling stm32f4xx_sdio.c...
compiling stm32f4xx_spi.c...
compiling stm32f4xx_usart.c...
compiling delay.c...
compiling sys.c...
compiling usart.c...
compiling sram.c...
compiling pcm3168_i2c&i2s.c...
compiling RTC.c...
compiling led.c...
compiling sdio.c...
..\SYSTEM\sdio\sdio.c(95): warning:  #177-D: variable "SDIO_InitStructure" was declared but never referenced
   SDIO_InitTypeDef SDIO_InitStructure;
..\SYSTEM\sdio\sdio.c(152): warning:  #177-D: variable "i" was declared but never referenced
        u32 i = 0;
..\SYSTEM\sdio\sdio.c(222): warning:  #177-D: variable "SDIO_InitStructure" was declared but never referenced
        SDIO_InitTypeDef SDIO_InitStructure;
..\SYSTEM\sdio\sdio.c(455): warning:  #940-D: missing return statement at end of non-void function "EmmcBusTest"
  }
..\SYSTEM\sdio\sdio.c(438): warning:  #177-D: variable "SDIO_DataInitStructure" was declared but never referenced
        SDIO_DataInitTypeDef SDIO_DataInitStructure;
..\SYSTEM\sdio\sdio.c(1150): warning:  #177-D: variable "cardstate" was declared but never referenced
        u8 cardstate = 0;
..\SYSTEM\sdio\sdio.c(1451): warning:  #188-D: enumerated type mixed with another type
      return(TransferError);
..\SYSTEM\sdio\sdio.c: 7 warnings, 0 errors
linking...
Program Size: Code=9248 RO-data=424 RW-data=56 ZI-data=2224  
FromELF: creating hex file...
"..\OBJ\Template.axf" - 0 Error(s), 7 Warning(s).

<h2>Collection of Component include folders:</h2>
  F:\STM32F4 Template - EMMC\USER\RTE
  E:\MDK\ARM\PACK\Keil\STM32F4xx_DFP\2.11.0\Drivers\CMSIS\Device\ST\STM32F4xx\Include

<h2>Collection of Component Files used:</h2>
</pre>
</body>
</html>
